{"level":"\u001b[32minfo\u001b[39m","message":"{\"method\":\"POST\",\"url\":\"/api/v1/user/signUp\",\"status\":\"500\",\"responseTime\":\"4.012\"}","timestamp":"2026-07-21T06:03:48.034Z"}
{"level":"\u001b[32minfo\u001b[39m","message":"{\"method\":\"POST\",\"url\":\"/api/v1/user/signUp\",\"status\":\"500\",\"responseTime\":\"5.292\"}","timestamp":"2026-07-21T06:05:47.420Z"}
{"level":"\u001b[32minfo\u001b[39m","message":"{\"method\":\"POST\",\"url\":\"/api/v1/user/signUp\",\"status\":\"400\",\"responseTime\":\"7.334\"}","timestamp":"2026-07-21T06:07:29.111Z"}
{"level":"\u001b[32minfo\u001b[39m","message":"{\"method\":\"POST\",\"url\":\"/api/v1/user/signUp\",\"status\":\"500\",\"responseTime\":\"32.007\"}","timestamp":"2026-07-21T06:07:37.949Z"}
{"level":"\u001b[32minfo\u001b[39m","message":"{\"method\":\"POST\",\"url\":\"/api/v1/user/signUp\",\"status\":\"400\",\"responseTime\":\"2.876\"}","timestamp":"2026-07-21T06:07:55.641Z"}
{"level":"\u001b[32minfo\u001b[39m","message":"{\"method\":\"POST\",\"url\":\"/api/v1/user/signUp\",\"status\":\"400\",\"responseTime\":\"0.862\"}","timestamp":"2026-07-21T06:08:10.078Z"}
{"level":"\u001b[32minfo\u001b[39m","message":"{\"method\":\"POST\",\"url\":\"/api/v1/user/signUp\",\"status\":\"400\",\"responseTime\":\"0.967\"}","timestamp":"2026-07-21T06:08:38.327Z"}
{"level":"\u001b[32minfo\u001b[39m","message":"{\"method\":\"POST\",\"url\":\"/api/v1/user/signUp\",\"status\":\"500\",\"responseTime\":\"398.254\"}","timestamp":"2026-07-21T06:09:13.633Z"}
{"level":"\u001b[32minfo\u001b[39m","message":"{\"method\":\"POST\",\"url\":\"/api/v1/user/signUp\",\"status\":\"500\",\"responseTime\":\"222.046\"}","timestamp":"2026-07-21T06:09:36.984Z"}
{"level":"\u001b[32minfo\u001b[39m","message":"{\"method\":\"POST\",\"url\":\"/api/v1/user/signUp\",\"status\":\"500\",\"responseTime\":\"231.466\"}","timestamp":"2026-07-21T06:09:42.885Z"}
{"level":"\u001b[32minfo\u001b[39m","message":"{\"method\":\"POST\",\"url\":\"/api/v1/user/signUp\",\"status\":\"409\",\"responseTime\":\"5.638\"}","timestamp":"2026-07-21T06:09:44.584Z"}
{"level":"\u001b[32minfo\u001b[39m","message":"{\"method\":\"POST\",\"url\":\"/api/v1/user/signUp\",\"status\":\"500\",\"responseTime\":\"358.668\"}","timestamp":"2026-07-21T06:10:00.051Z"}
{"level":"\u001b[32minfo\u001b[39m","message":"{\"method\":\"POST\",\"url\":\"/api/v1/user/signUp\",\"status\":\"409\",\"responseTime\":\"18.671\"}","timestamp":"2026-07-21T06:11:21.802Z"}
{"level":"\u001b[32minfo\u001b[39m","message":"{\"method\":\"POST\",\"url\":\"/api/v1/user/signUp\",\"status\":\"500\",\"responseTime\":\"368.583\"}","timestamp":"2026-07-21T06:11:32.041Z"}
{"level":"\u001b[32minfo\u001b[39m","message":"{\"method\":\"POST\",\"url\":\"/api/v1/user/signUp\",\"status\":\"500\",\"responseTime\":\"333.898\"}","timestamp":"2026-07-21T06:13:03.460Z"}
{"level":"\u001b[32minfo\u001b[39m","message":"{\"method\":\"POST\",\"url\":\"/api/v1/user/signUp\",\"status\":\"201\",\"responseTime\":\"370.200\"}","timestamp":"2026-07-21T06:13:31.455Z"}
{"level":"\u001b[32minfo\u001b[39m","message":"{\"method\":\"POST\",\"url\":\"/api/v1/user/signIn\",\"status\":\"404\",\"responseTime\":\"0.607\"}","timestamp":"2026-07-21T06:14:46.945Z"}
{"level":"\u001b[32minfo\u001b[39m","message":"{\"method\":\"POST\",\"url\":\"/api/v1/user/singIn\",\"status\":\"500\",\"responseTime\":\"6.450\"}","timestamp":"2026-07-21T06:15:11.574Z"}
{"level":"\u001b[32minfo\u001b[39m","message":"{\"method\":\"POST\",\"url\":\"/api/v1/user/singIn\",\"status\":\"500\",\"responseTime\":\"5.662\"}","timestamp":"2026-07-21T06:15:40.341Z"}
{"level":"\u001b[32minfo\u001b[39m","message":"{\"method\":\"POST\",\"url\":\"/api/v1/user/singIn\",\"status\":\"500\",\"responseTime\":\"12.710\"}","timestamp":"2026-07-21T06:19:00.293Z"}
{"level":"\u001b[32minfo\u001b[39m","message":"{\"method\":\"POST\",\"url\":\"/api/v1/user/singIn\",\"status\":\"500\",\"responseTime\":\"288.197\"}","timestamp":"2026-07-21T06:21:32.254Z"}
{"level":"\u001b[32minfo\u001b[39m","message":"{\"method\":\"POST\",\"url\":\"/api/v1/user/singIn\",\"status\":\"500\",\"responseTime\":\"408.725\"}","timestamp":"2026-07-21T06:23:46.379Z"}
{"level":"\u001b[32minfo\u001b[39m","message":"{\"method\":\"POST\",\"url\":\"/api/v1/user/singIn\",\"status\":\"500\",\"responseTime\":\"326.454\"}","timestamp":"2026-07-21T06:25:18.402Z"}
{"level":"\u001b[32minfo\u001b[39m","message":"{\"method\":\"POST\",\"url\":\"/api/v1/user/singIn\",\"status\":\"500\",\"responseTime\":\"370.802\"}","timestamp":"2026-07-21T06:28:32.400Z"}
{"level":"\u001b[32minfo\u001b[39m","message":"{\"method\":\"POST\",\"url\":\"/api/v1/user/singIn\",\"status\":\"500\",\"responseTime\":\"218.948\"}","timestamp":"2026-07-21T06:28:48.365Z"}
{"level":"\u001b[32minfo\u001b[39m","message":"{\"method\":\"POST\",\"url\":\"/api/v1/user/singIn\",\"status\":\"500\",\"responseTime\":\"346.195\"}","timestamp":"2026-07-21T06:29:41.083Z"}
{"level":"\u001b[32minfo\u001b[39m","message":"{\"method\":\"POST\",\"url\":\"/api/v1/user/singIn\",\"status\":\"500\",\"responseTime\":\"303.425\"}","timestamp":"2026-07-21T06:29:46.480Z"}
{"level":"\u001b[32minfo\u001b[39m","message":"{\"method\":\"POST\",\"url\":\"/api/v1/user/singIn\",\"status\":\"500\",\"responseTime\":\"357.255\"}","timestamp":"2026-07-21T06:29:48.234Z"}
{"level":"\u001b[32minfo\u001b[39m","message":"{\"method\":\"POST\",\"url\":\"/api/v1/user/singIn\",\"status\":\"500\",\"responseTime\":\"303.843\"}","timestamp":"2026-07-21T06:30:28.429Z"}
{"level":"\u001b[32minfo\u001b[39m","message":"{\"method\":\"POST\",\"url\":\"/api/v1/user/singIn\",\"status\":\"200\",\"responseTime\":\"382.921\"}","timestamp":"2026-07-21T06:31:42.573Z"}
{"level":"\u001b[32minfo\u001b[39m","message":"{\"method\":\"POST\",\"url\":\"/api/v1/user/singIn\",\"status\":\"200\",\"responseTime\":\"454.676\"}","timestamp":"2026-07-21T06:32:39.134Z"}
{"level":"\u001b[32minfo\u001b[39m","message":"{\"method\":\"POST\",\"url\":\"/api/v1/user/singIn\",\"status\":\"200\",\"responseTime\":\"346.823\"}","timestamp":"2026-07-21T06:34:10.561Z"}
{"level":"\u001b[32minfo\u001b[39m","message":"{\"method\":\"POST\",\"url\":\"/api/v1/user/singIn\",\"status\":\"200\",\"responseTime\":\"357.864\"}","timestamp":"2026-07-21T06:36:55.620Z"}
{"level":"\u001b[32minfo\u001b[39m","message":"{\"method\":\"POST\",\"url\":\"/api/v1/user/singIn\",\"status\":\"200\",\"responseTime\":\"236.636\"}","timestamp":"2026-07-21T06:37:13.034Z"}
{"level":"\u001b[32minfo\u001b[39m","message":"{\"method\":\"POST\",\"url\":\"/api/v1/user/singIn\",\"status\":\"200\",\"responseTime\":\"458.049\"}","timestamp":"2026-07-21T06:37:59.536Z"}
{"level":"\u001b[32minfo\u001b[39m","message":"{\"method\":\"POST\",\"url\":\"/api/v1/user/singIn\",\"status\":\"200\",\"responseTime\":\"414.402\"}","timestamp":"2026-07-21T06:40:18.629Z"}
{"level":"\u001b[32minfo\u001b[39m","message":"{\"method\":\"POST\",\"url\":\"/api/v1/user/singIn\",\"status\":\"200\",\"responseTime\":\"383.231\"}","timestamp":"2026-07-21T06:40:21.093Z"}
{"level":"\u001b[32minfo\u001b[39m","message":"{\"method\":\"POST\",\"url\":\"/api/v1/user/singIn\",\"status\":\"500\",\"responseTime\":\"386.043\"}","timestamp":"2026-07-21T06:41:33.684Z"}
{"level":"\u001b[32minfo\u001b[39m","message":"{\"method\":\"POST\",\"url\":\"/api/v1/user/singIn\",\"status\":\"500\",\"responseTime\":\"239.360\"}","timestamp":"2026-07-21T06:41:42.127Z"}
{"level":"\u001b[32minfo\u001b[39m","message":"{\"method\":\"POST\",\"url\":\"/api/v1/user/singIn\",\"status\":\"500\",\"responseTime\":\"244.002\"}","timestamp":"2026-07-21T06:42:03.933Z"}
{"level":"\u001b[32minfo\u001b[39m","message":"{\"method\":\"POST\",\"url\":\"/api/v1/user/singIn\",\"status\":\"200\",\"responseTime\":\"251.765\"}","timestamp":"2026-07-21T06:42:10.918Z"}
{"level":"\u001b[32minfo\u001b[39m","message":"{\"method\":\"POST\",\"url\":\"/api/v1/user/singIn\",\"status\":\"500\",\"responseTime\":\"367.868\"}","timestamp":"2026-07-21T06:42:47.352Z"}
{"level":"\u001b[32minfo\u001b[39m","message":"{\"method\":\"POST\",\"url\":\"/api/v1/user/singIn\",\"status\":\"500\",\"responseTime\":\"241.266\"}","timestamp":"2026-07-21T06:42:53.807Z"}
{"level":"\u001b[32minfo\u001b[39m","message":"{\"method\":\"POST\",\"url\":\"/api/v1/user/singIn\",\"status\":\"200\",\"responseTime\":\"260.959\"}","timestamp":"2026-07-21T06:43:03.791Z"}
{"level":"\u001b[32minfo\u001b[39m","message":"{\"method\":\"POST\",\"url\":\"/api/v1/user/singIn\",\"status\":\"200\",\"responseTime\":\"446.140\"}","timestamp":"2026-07-21T06:43:21.939Z"}
{"level":"\u001b[32minfo\u001b[39m","message":"{\"method\":\"POST\",\"url\":\"/api/v1/user/singIn\",\"status\":\"500\",\"responseTime\":\"440.762\"}","timestamp":"2026-07-21T06:45:29.873Z"}
{"level":"\u001b[32minfo\u001b[39m","message":"{\"method\":\"POST\",\"url\":\"/api/v1/user/singIn\",\"status\":\"500\",\"responseTime\":\"318.723\"}","timestamp":"2026-07-21T06:45:31.710Z"}
{"level":"\u001b[32minfo\u001b[39m","message":"{\"method\":\"POST\",\"url\":\"/api/v1/user/singIn\",\"status\":\"200\",\"responseTime\":\"458.106\"}","timestamp":"2026-07-21T06:46:43.243Z"}
{"level":"\u001b[32minfo\u001b[39m","message":"{\"method\":\"POST\",\"url\":\"/api/v1/user/singIn\",\"status\":\"200\",\"responseTime\":\"232.545\"}","timestamp":"2026-07-21T06:47:10.617Z"}
{"level":"\u001b[32minfo\u001b[39m","message":"{\"method\":\"POST\",\"url\":\"/api/v1/user/singIn\",\"status\":\"200\",\"responseTime\":\"360.350\"}","timestamp":"2026-07-21T06:47:12.521Z"}
{"level":"\u001b[32minfo\u001b[39m","message":"{\"method\":\"POST\",\"url\":\"/api/v1/user/singIn\",\"status\":\"200\",\"responseTime\":\"231.980\"}","timestamp":"2026-07-21T06:47:17.505Z"}
{"level":"\u001b[32minfo\u001b[39m","message":"{\"method\":\"POST\",\"url\":\"/api/v1/user/singIn\",\"status\":\"200\",\"responseTime\":\"346.154\"}","timestamp":"2026-07-21T06:47:19.094Z"}
{"level":"\u001b[32minfo\u001b[39m","message":"{\"method\":\"POST\",\"url\":\"/api/v1/user/singIn\",\"status\":\"200\",\"responseTime\":\"236.997\"}","timestamp":"2026-07-21T06:47:31.533Z"}
{"level":"\u001b[32minfo\u001b[39m","message":"{\"method\":\"POST\",\"url\":\"/api/v1/user/singIn\",\"status\":\"200\",\"responseTime\":\"343.468\"}","timestamp":"2026-07-21T06:47:33.180Z"}
{"level":"\u001b[32minfo\u001b[39m","message":"{\"method\":\"POST\",\"url\":\"/api/v1/user/singIn\",\"status\":\"200\",\"responseTime\":\"421.364\"}","timestamp":"2026-07-21T06:47:47.891Z"}
{"level":"\u001b[32minfo\u001b[39m","message":"{\"method\":\"POST\",\"url\":\"/api/v1/user/refresh-token\",\"status\":\"401\",\"responseTime\":\"8.254\"}","timestamp":"2026-07-21T06:50:58.284Z"}
{"level":"\u001b[32minfo\u001b[39m","message":"{\"method\":\"POST\",\"url\":\"/api/v1/user/refresh-token\",\"status\":\"401\",\"responseTime\":\"2.058\"}","timestamp":"2026-07-21T06:51:00.203Z"}
{"level":"\u001b[32minfo\u001b[39m","message":"{\"method\":\"POST\",\"url\":\"/api/v1/user/refresh-token\",\"status\":\"401\",\"responseTime\":\"4.584\"}","timestamp":"2026-07-21T06:52:51.518Z"}
{"level":"\u001b[32minfo\u001b[39m","message":"{\"method\":\"POST\",\"url\":\"/api/v1/user/refresh-token\",\"status\":\"401\",\"responseTime\":\"2.285\"}","timestamp":"2026-07-21T06:53:02.591Z"}
{"level":"\u001b[32minfo\u001b[39m","message":"{\"method\":\"POST\",\"url\":\"/api/v1/user/refresh-token\",\"status\":\"401\",\"responseTime\":\"1.860\"}","timestamp":"2026-07-21T06:53:03.742Z"}
{"level":"\u001b[32minfo\u001b[39m","message":"{\"method\":\"POST\",\"url\":\"/api/v1/user/refresh-token\",\"status\":\"401\",\"responseTime\":\"6.268\"}","timestamp":"2026-07-21T06:53:21.930Z"}
{"level":"\u001b[32minfo\u001b[39m","message":"{\"method\":\"POST\",\"url\":\"/api/v1/user/refresh-token\",\"status\":\"401\",\"responseTime\":\"21.070\"}","timestamp":"2026-07-21T06:54:33.255Z"}
{"level":"\u001b[32minfo\u001b[39m","message":"{\"method\":\"POST\",\"url\":\"/api/v1/user/refresh-token\",\"status\":\"401\",\"responseTime\":\"5.638\"}","timestamp":"2026-07-21T06:54:35.089Z"}
{"level":"\u001b[32minfo\u001b[39m","message":"{\"method\":\"POST\",\"url\":\"/api/v1/user/refresh-token\",\"status\":\"401\",\"responseTime\":\"6.417\"}","timestamp":"2026-07-21T06:54:40.412Z"}
{"level":"\u001b[32minfo\u001b[39m","message":"{\"method\":\"POST\",\"url\":\"/api/v1/user/singIn\",\"status\":\"200\",\"responseTime\":\"422.878\"}","timestamp":"2026-07-21T06:54:44.753Z"}
{"level":"\u001b[32minfo\u001b[39m","message":"{\"method\":\"POST\",\"url\":\"/api/v1/user/refresh-token\",\"status\":\"401\",\"responseTime\":\"3.933\"}","timestamp":"2026-07-21T06:54:47.588Z"}
{"level":"\u001b[32minfo\u001b[39m","message":"{\"method\":\"POST\",\"url\":\"/api/v1/user/refresh-token\",\"status\":\"401\",\"responseTime\":\"4.099\"}","timestamp":"2026-07-21T06:54:48.770Z"}
{"level":"\u001b[32minfo\u001b[39m","message":"{\"method\":\"POST\",\"url\":\"/api/v1/user/refresh-token\",\"status\":\"401\",\"responseTime\":\"4.870\"}","timestamp":"2026-07-21T06:54:51.082Z"}
{"level":"\u001b[32minfo\u001b[39m","message":"{\"method\":\"POST\",\"url\":\"/api/v1/user/refresh-token\",\"status\":\"401\",\"responseTime\":\"4.037\"}","timestamp":"2026-07-21T06:54:52.676Z"}
{"level":"\u001b[32minfo\u001b[39m","message":"{\"method\":\"POST\",\"url\":\"/api/v1/user/refresh-token\",\"status\":\"401\",\"responseTime\":\"12.618\"}","timestamp":"2026-07-21T06:56:10.981Z"}
{"level":"\u001b[32minfo\u001b[39m","message":"{\"method\":\"POST\",\"url\":\"/api/v1/user/refresh-token\",\"status\":\"500\",\"responseTime\":\"4.754\"}","timestamp":"2026-07-21T07:09:35.539Z"}
{"level":"\u001b[32minfo\u001b[39m","message":"{\"method\":\"POST\",\"url\":\"/api/v1/user/refresh-token\",\"status\":\"401\",\"responseTime\":\"12.889\"}","timestamp":"2026-07-21T07:10:00.898Z"}
{"level":"\u001b[32minfo\u001b[39m","message":"{\"method\":\"POST\",\"url\":\"/api/v1/user/refresh-token\",\"status\":\"401\",\"responseTime\":\"15.760\"}","timestamp":"2026-07-21T07:10:18.023Z"}
{"level":"\u001b[32minfo\u001b[39m","message":"{\"method\":\"POST\",\"url\":\"/api/v1/user/refresh-token\",\"status\":\"401\",\"responseTime\":\"13.726\"}","timestamp":"2026-07-21T07:11:16.942Z"}
{"level":"\u001b[32minfo\u001b[39m","message":"{\"method\":\"POST\",\"url\":\"/api/v1/user/refresh-token\",\"status\":\"401\",\"responseTime\":\"20.438\"}","timestamp":"2026-07-21T07:12:48.039Z"}
{"level":"\u001b[32minfo\u001b[39m","message":"{\"method\":\"POST\",\"url\":\"/api/v1/user/refresh-token\",\"status\":\"401\",\"responseTime\":\"27.389\"}","timestamp":"2026-07-21T07:13:39.299Z"}
{"level":"\u001b[32minfo\u001b[39m","message":"{\"method\":\"POST\",\"url\":\"/api/v1/user/refresh-token\",\"status\":\"401\",\"responseTime\":\"12.759\"}","timestamp":"2026-07-21T07:14:37.124Z"}
{"level":"\u001b[32minfo\u001b[39m","message":"{\"method\":\"POST\",\"url\":\"/api/v1/user/refresh-token\",\"status\":\"401\",\"responseTime\":\"18.850\"}","timestamp":"2026-07-21T07:16:50.598Z"}
{"level":"\u001b[32minfo\u001b[39m","message":"{\"method\":\"POST\",\"url\":\"/api/v1/user/signUp\",\"status\":\"201\",\"responseTime\":\"364.887\"}","timestamp":"2026-07-21T07:17:12.485Z"}
{"level":"\u001b[32minfo\u001b[39m","message":"{\"method\":\"POST\",\"url\":\"/api/v1/user/singIn\",\"status\":\"200\",\"responseTime\":\"341.761\"}","timestamp":"2026-07-21T07:17:23.755Z"}
{"level":"\u001b[32minfo\u001b[39m","message":"{\"method\":\"POST\",\"url\":\"/api/v1/user/refresh-token\",\"status\":\"401\",\"responseTime\":\"2.154\"}","timestamp":"2026-07-21T07:17:49.517Z"}
{"level":"\u001b[32minfo\u001b[39m","message":"{\"method\":\"POST\",\"url\":\"/api/v1/user/signUp\",\"status\":\"201\",\"responseTime\":\"347.470\"}","timestamp":"2026-07-21T07:19:17.290Z"}
{"level":"\u001b[32minfo\u001b[39m","message":"{\"method\":\"POST\",\"url\":\"/api/v1/user/singIn\",\"status\":\"200\",\"responseTime\":\"334.618\"}","timestamp":"2026-07-21T07:19:26.886Z"}
{"level":"\u001b[32minfo\u001b[39m","message":"{\"method\":\"POST\",\"url\":\"/api/v1/user/refresh-token\",\"status\":\"200\",\"responseTime\":\"11.480\"}","timestamp":"2026-07-21T07:19:49.710Z"}
{"level":"\u001b[32minfo\u001b[39m","message":"{\"method\":\"POST\",\"url\":\"/api/v1/user/refresh-token\",\"status\":\"200\",\"responseTime\":\"70.682\"}","timestamp":"2026-07-21T07:24:23.490Z"}
{"level":"\u001b[32minfo\u001b[39m","message":"{\"method\":\"POST\",\"url\":\"/api/v1/user/signOut\",\"status\":\"500\",\"responseTime\":\"7.553\"}","timestamp":"2026-07-21T07:28:22.352Z"}
{"level":"\u001b[32minfo\u001b[39m","message":"{\"method\":\"POST\",\"url\":\"/api/v1/user/singIn\",\"status\":\"200\",\"responseTime\":\"331.085\"}","timestamp":"2026-07-21T08:24:12.526Z"}
{"level":"\u001b[32minfo\u001b[39m","message":"{\"method\":\"POST\",\"url\":\"/api/v1/user/signOut\",\"status\":\"500\",\"responseTime\":\"0.603\"}","timestamp":"2026-07-21T08:24:28.234Z"}
{"level":"\u001b[32minfo\u001b[39m","message":"{\"method\":\"POST\",\"url\":\"/api/v1/user/signOut\",\"status\":\"500\",\"responseTime\":\"1.055\"}","timestamp":"2026-07-21T08:24:41.851Z"}
{"level":"\u001b[32minfo\u001b[39m","message":"{\"method\":\"POST\",\"url\":\"/api/v1/user/signOut\",\"status\":\"500\",\"responseTime\":\"17.761\"}","timestamp":"2026-07-21T08:25:16.618Z"}
{"level":"\u001b[32minfo\u001b[39m","message":"{\"method\":\"POST\",\"url\":\"/api/v1/user/signOut\",\"status\":\"500\",\"responseTime\":\"5.382\"}","timestamp":"2026-07-21T08:25:22.535Z"}
{"level":"\u001b[32minfo\u001b[39m","message":"{\"method\":\"POST\",\"url\":\"/api/v1/user/signOut\",\"status\":\"500\",\"responseTime\":\"16.748\"}","timestamp":"2026-07-21T08:26:23.303Z"}
{"level":"\u001b[32minfo\u001b[39m","message":"{\"method\":\"POST\",\"url\":\"/api/v1/user/signOut\",\"status\":\"500\",\"responseTime\":\"6.047\"}","timestamp":"2026-07-21T08:26:25.282Z"}
{"level":"\u001b[32minfo\u001b[39m","message":"{\"method\":\"POST\",\"url\":\"/api/v1/user/signOut\",\"status\":\"500\",\"responseTime\":\"16.146\"}","timestamp":"2026-07-21T08:26:55.976Z"}
{"level":"\u001b[32minfo\u001b[39m","message":"{\"method\":\"POST\",\"url\":\"/api/v1/user/signOut\",\"status\":\"500\",\"responseTime\":\"5.106\"}","timestamp":"2026-07-21T08:27:49.230Z"}
{"level":"\u001b[32minfo\u001b[39m","message":"{\"method\":\"POST\",\"url\":\"/api/v1/user/signOut\",\"status\":\"500\",\"responseTime\":\"19.741\"}","timestamp":"2026-07-21T08:29:10.819Z"}
{"level":"\u001b[32minfo\u001b[39m","message":"{\"method\":\"POST\",\"url\":\"/api/v1/user/signOut\",\"status\":\"500\",\"responseTime\":\"14.765\"}","timestamp":"2026-07-21T08:29:58.680Z"}
{"level":"\u001b[32minfo\u001b[39m","message":"{\"method\":\"POST\",\"url\":\"/api/v1/user/signOut\",\"status\":\"200\",\"responseTime\":\"20.263\"}","timestamp":"2026-07-21T08:30:34.555Z"}
{"level":"\u001b[32minfo\u001b[39m","message":"{\"method\":\"POST\",\"url\":\"/api/v1/user/signOut\",\"status\":\"200\",\"responseTime\":\"22.237\"}","timestamp":"2026-07-21T08:31:04.188Z"}
{"level":"\u001b[32minfo\u001b[39m","message":"{\"method\":\"POST\",\"url\":\"/api/v1/user/signOut\",\"status\":\"200\",\"responseTime\":\"3.254\"}","timestamp":"2026-07-21T08:31:12.670Z"}
{"level":"\u001b[32minfo\u001b[39m","message":"{\"method\":\"POST\",\"url\":\"/api/v1/user/signOut\",\"status\":\"200\",\"responseTime\":\"4.295\"}","timestamp":"2026-07-21T08:31:13.839Z"}
{"level":"\u001b[32minfo\u001b[39m","message":"{\"method\":\"POST\",\"url\":\"/api/v1/user/signOut\",\"status\":\"200\",\"responseTime\":\"3.682\"}","timestamp":"2026-07-21T08:31:14.870Z"}
{"level":"\u001b[32minfo\u001b[39m","message":"{\"method\":\"POST\",\"url\":\"/api/v1/user/signOut\",\"status\":\"500\",\"responseTime\":\"4.684\"}","timestamp":"2026-07-21T08:31:54.448Z"}
{"level":"\u001b[32minfo\u001b[39m","message":"{\"method\":\"POST\",\"url\":\"/api/v1/user/singIn\",\"status\":\"200\",\"responseTime\":\"427.742\"}","timestamp":"2026-07-21T08:32:48.931Z"}
{"level":"\u001b[32minfo\u001b[39m","message":"{\"method\":\"POST\",\"url\":\"/api/v1/user/signOut\",\"status\":\"500\",\"responseTime\":\"1.030\"}","timestamp":"2026-07-21T08:32:59.732Z"}
{"level":"\u001b[32minfo\u001b[39m","message":"{\"method\":\"POST\",\"url\":\"/api/v1/user/signOut\",\"status\":\"500\",\"responseTime\":\"0.884\"}","timestamp":"2026-07-21T08:33:01.184Z"}
{"level":"\u001b[32minfo\u001b[39m","message":"{\"method\":\"POST\",\"url\":\"/api/v1/user/signOut\",\"status\":\"500\",\"responseTime\":\"1.977\"}","timestamp":"2026-07-21T08:34:02.441Z"}
{"level":"\u001b[32minfo\u001b[39m","message":"{\"method\":\"POST\",\"url\":\"/api/v1/user/signOut\",\"status\":\"500\",\"responseTime\":\"4.698\"}","timestamp":"2026-07-21T08:34:31.247Z"}
{"level":"\u001b[32minfo\u001b[39m","message":"{\"method\":\"POST\",\"url\":\"/api/v1/user/signOut\",\"status\":\"401\",\"responseTime\":\"9.962\"}","timestamp":"2026-07-21T08:36:23.808Z"}
{"level":"\u001b[32minfo\u001b[39m","message":"{\"method\":\"POST\",\"url\":\"/api/v1/user/signOut\",\"status\":\"401\",\"responseTime\":\"5.937\"}","timestamp":"2026-07-21T08:36:51.419Z"}
{"level":"\u001b[32minfo\u001b[39m","message":"{\"method\":\"POST\",\"url\":\"/api/v1/user/signOut\",\"status\":\"401\",\"responseTime\":\"9.543\"}","timestamp":"2026-07-21T08:37:27.519Z"}
{"level":"\u001b[32minfo\u001b[39m","message":"{\"method\":\"POST\",\"url\":\"/api/v1/user/singIn\",\"status\":\"200\",\"responseTime\":\"407.812\"}","timestamp":"2026-07-21T08:37:35.743Z"}
{"level":"\u001b[32minfo\u001b[39m","message":"{\"method\":\"POST\",\"url\":\"/api/v1/user/signOut\",\"status\":\"401\",\"responseTime\":\"2.236\"}","timestamp":"2026-07-21T08:37:44.246Z"}
{"level":"\u001b[32minfo\u001b[39m","message":"{\"method\":\"POST\",\"url\":\"/api/v1/user/signOut\",\"status\":\"401\",\"responseTime\":\"2.236\"}","timestamp":"2026-07-21T08:37:46.045Z"}
{"level":"\u001b[32minfo\u001b[39m","message":"{\"method\":\"POST\",\"url\":\"/api/v1/user/signOut\",\"status\":\"401\",\"responseTime\":\"1.749\"}","timestamp":"2026-07-21T08:39:20.585Z"}
{"level":"\u001b[32minfo\u001b[39m","message":"{\"method\":\"POST\",\"url\":\"/api/v1/user/signOut\",\"status\":\"500\",\"responseTime\":\"29.727\"}","timestamp":"2026-07-21T08:41:31.707Z"}
{"level":"\u001b[32minfo\u001b[39m","message":"{\"method\":\"POST\",\"url\":\"/api/v1/user/signOut\",\"status\":\"500\",\"responseTime\":\"27.341\"}","timestamp":"2026-07-21T08:42:20.568Z"}
{"level":"\u001b[32minfo\u001b[39m","message":"{\"method\":\"POST\",\"url\":\"/api/v1/user/signOut\",\"status\":\"500\",\"responseTime\":\"34.593\"}","timestamp":"2026-07-21T08:45:01.829Z"}
{"level":"\u001b[32minfo\u001b[39m","message":"{\"method\":\"POST\",\"url\":\"/api/v1/user/signOut\",\"status\":\"500\",\"responseTime\":\"7.798\"}","timestamp":"2026-07-21T08:45:02.990Z"}
{"level":"\u001b[32minfo\u001b[39m","message":"{\"method\":\"POST\",\"url\":\"/api/v1/user/signOut\",\"status\":\"200\",\"responseTime\":\"41.082\"}","timestamp":"2026-07-21T08:45:42.690Z"}
{"level":"\u001b[32minfo\u001b[39m","message":"{\"method\":\"POST\",\"url\":\"/api/v1/user/signOut\",\"status\":\"401\",\"responseTime\":\"4.259\"}","timestamp":"2026-07-21T08:45:53.460Z"}
{"level":"\u001b[32minfo\u001b[39m","message":"{\"method\":\"POST\",\"url\":\"/api/v1/user/singIn\",\"status\":\"200\",\"responseTime\":\"387.922\"}","timestamp":"2026-07-21T08:46:15.880Z"}
{"level":"\u001b[32minfo\u001b[39m","message":"{\"method\":\"POST\",\"url\":\"/api/v1/user/signOut\",\"status\":\"200\",\"responseTime\":\"8.304\"}","timestamp":"2026-07-21T08:46:23.513Z"}
{"level":"\u001b[32minfo\u001b[39m","message":"{\"method\":\"POST\",\"url\":\"/api/v1/user/singIn\",\"status\":\"200\",\"responseTime\":\"365.710\"}","timestamp":"2026-07-21T08:46:37.812Z"}
{"level":"\u001b[32minfo\u001b[39m","message":"{\"method\":\"POST\",\"url\":\"/api/v1/user/signOut\",\"status\":\"200\",\"responseTime\":\"5.592\"}","timestamp":"2026-07-21T08:47:34.359Z"}
{"level":"\u001b[32minfo\u001b[39m","message":"{\"method\":\"POST\",\"url\":\"/api/v1/user/singIn\",\"status\":\"200\",\"responseTime\":\"313.886\"}","timestamp":"2026-07-21T08:47:43.534Z"}
{"level":"\u001b[32minfo\u001b[39m","message":"{\"method\":\"POST\",\"url\":\"/api/v1/user/signOut\",\"status\":\"200\",\"responseTime\":\"13.044\"}","timestamp":"2026-07-21T08:48:09.653Z"}
{"level":"\u001b[32minfo\u001b[39m","message":"{\"method\":\"POST\",\"url\":\"/api/v1/user/signUp\",\"status\":\"400\",\"responseTime\":\"2.918\"}","timestamp":"2026-07-21T08:50:03.830Z"}
{"level":"\u001b[32minfo\u001b[39m","message":"{\"method\":\"POST\",\"url\":\"/api/v1/user/signUp\",\"status\":\"400\",\"responseTime\":\"0.684\"}","timestamp":"2026-07-21T08:50:16.239Z"}
{"level":"\u001b[32minfo\u001b[39m","message":"{\"method\":\"POST\",\"url\":\"/api/v1/user/signUp\",\"status\":\"201\",\"responseTime\":\"364.106\"}","timestamp":"2026-07-21T08:50:27.113Z"}
{"level":"\u001b[32minfo\u001b[39m","message":"{\"method\":\"POST\",\"url\":\"/api/v1/user/singIn\",\"status\":\"200\",\"responseTime\":\"417.217\"}","timestamp":"2026-07-21T08:51:26.063Z"}
{"level":"\u001b[32minfo\u001b[39m","message":"{\"method\":\"POST\",\"url\":\"/api/v1/user/singIn\",\"status\":\"200\",\"responseTime\":\"399.462\"}","timestamp":"2026-07-21T08:52:12.516Z"}
{"level":"\u001b[32minfo\u001b[39m","message":"{\"method\":\"POST\",\"url\":\"/api/v1/user/signOut\",\"status\":\"200\",\"responseTime\":\"5.122\"}","timestamp":"2026-07-21T08:52:22.168Z"}
{"level":"\u001b[32minfo\u001b[39m","message":"{\"method\":\"POST\",\"url\":\"/api/v1/user/signOut\",\"status\":\"500\",\"responseTime\":\"0.634\"}","timestamp":"2026-07-21T08:52:31.603Z"}
{"level":"\u001b[32minfo\u001b[39m","message":"{\"method\":\"POST\",\"url\":\"/api/v1/user/signOut\",\"status\":\"401\",\"responseTime\":\"7.361\"}","timestamp":"2026-07-21T08:53:27.031Z"}
{"level":"\u001b[32minfo\u001b[39m","message":"{\"method\":\"POST\",\"url\":\"/api/v1/user/signOut\",\"status\":\"401\",\"responseTime\":\"2.026\"}","timestamp":"2026-07-21T08:53:42.170Z"}
{"level":"\u001b[32minfo\u001b[39m","message":"{\"method\":\"POST\",\"url\":\"/api/v1/user/singIn\",\"status\":\"200\",\"responseTime\":\"373.636\"}","timestamp":"2026-07-21T08:54:09.030Z"}
{"level":"\u001b[32minfo\u001b[39m","message":"{\"method\":\"POST\",\"url\":\"/api/v1/user/signOut\",\"status\":\"200\",\"responseTime\":\"17.014\"}","timestamp":"2026-07-21T08:54:21.552Z"}
{"level":"\u001b[32minfo\u001b[39m","message":"{\"method\":\"POST\",\"url\":\"/api/v1/user/singIn\",\"status\":\"200\",\"responseTime\":\"351.640\"}","timestamp":"2026-07-21T08:54:50.657Z"}
{"level":"\u001b[32minfo\u001b[39m","message":"{\"method\":\"POST\",\"url\":\"/api/v1/user/signOut\",\"status\":\"200\",\"responseTime\":\"4.542\"}","timestamp":"2026-07-21T08:55:08.661Z"}
{"level":"\u001b[32minfo\u001b[39m","message":"{\"method\":\"POST\",\"url\":\"/api/v1/user/singIn\",\"status\":\"200\",\"responseTime\":\"366.927\"}","timestamp":"2026-07-21T08:55:27.504Z"}
{"level":"\u001b[32minfo\u001b[39m","message":"{\"method\":\"POST\",\"url\":\"/api/v1/user/signOut\",\"status\":\"200\",\"responseTime\":\"8.679\"}","timestamp":"2026-07-21T08:55:58.023Z"}
{"level":"\u001b[32minfo\u001b[39m","message":"{\"method\":\"POST\",\"url\":\"/api/v1/user/signOut\",\"status\":\"401\",\"responseTime\":\"1.544\"}","timestamp":"2026-07-21T08:56:07.179Z"}
{"level":"\u001b[32minfo\u001b[39m","message":"{\"method\":\"POST\",\"url\":\"/api/v1/user/signOut\",\"status\":\"401\",\"responseTime\":\"1.138\"}","timestamp":"2026-07-21T08:56:09.391Z"}
{"level":"\u001b[32minfo\u001b[39m","message":"{\"method\":\"POST\",\"url\":\"/api/v1/user/signOut\",\"status\":\"401\",\"responseTime\":\"2.724\"}","timestamp":"2026-07-21T08:56:11.352Z"}
{"level":"\u001b[32minfo\u001b[39m","message":"{\"method\":\"POST\",\"url\":\"/api/v1/user/singIn\",\"status\":\"200\",\"responseTime\":\"409.234\"}","timestamp":"2026-07-21T08:56:50.116Z"}
{"level":"\u001b[32minfo\u001b[39m","message":"{\"method\":\"POST\",\"url\":\"/api/v1/user/signOut\",\"status\":\"200\",\"responseTime\":\"6.555\"}","timestamp":"2026-07-21T08:56:57.758Z"}
{"level":"\u001b[32minfo\u001b[39m","message":"{\"method\":\"POST\",\"url\":\"/api/v1/user/singIn\",\"status\":\"200\",\"responseTime\":\"374.184\"}","timestamp":"2026-07-21T09:01:20.607Z"}
{"level":"\u001b[32minfo\u001b[39m","message":"{\"method\":\"POST\",\"url\":\"/api/v1/user/signOut\",\"status\":\"200\",\"responseTime\":\"4.215\"}","timestamp":"2026-07-21T09:01:43.990Z"}
{"level":"\u001b[32minfo\u001b[39m","message":"{\"method\":\"POST\",\"url\":\"/api/v1/user/signOut\",\"status\":\"401\",\"responseTime\":\"0.953\"}","timestamp":"2026-07-21T09:03:35.410Z"}
{"level":"\u001b[32minfo\u001b[39m","message":"{\"method\":\"POST\",\"url\":\"/api/v1/user/singIn\",\"status\":\"200\",\"responseTime\":\"375.503\"}","timestamp":"2026-07-21T09:03:50.592Z"}
{"level":"\u001b[32minfo\u001b[39m","message":"{\"method\":\"POST\",\"url\":\"/api/v1/user/signOut\",\"status\":\"200\",\"responseTime\":\"6.566\"}","timestamp":"2026-07-21T09:04:38.043Z"}
{"level":"\u001b[32minfo\u001b[39m","message":"{\"method\":\"POST\",\"url\":\"/api/v1/user/signOut\",\"status\":\"401\",\"responseTime\":\"0.846\"}","timestamp":"2026-07-21T09:04:40.227Z"}
